// Jest Snapshot v1, https://goo.gl/fbAQLP

exports[`ErrorComponent should match initial snapshot 1`] = `
<div
  id="root1"
>
  <div
    class="notfound-wrapper"
  >
    <div
      class="notfound"
    >
      <h1>
        Oops!
      </h1>
      <h2>
        404 - The Page can't be found
      </h2>
      <a
        class="btn-link"
        href="/home"
      >
        Go to Homepage
      </a>
    </div>
  </div>
</div>
`;
